src/assets/data/footer-items.ts(2,10): error TS6133: 'BsBoxArrowUpRight' is declared but its value is never read.
src/assets/data/footer-items.ts(2,41): error TS6133: 'BsFileEarmarkTextFill' is declared but its value is never read.
src/assets/data/footer-items.ts(2,74): error TS6133: 'BsPuzzleFill' is declared but its value is never read.
src/assets/data/footer-items.ts(2,88): error TS6133: 'BsStickiesFill' is declared but its value is never read.
src/components/footer/components/LanguageDropdown.tsx(1,10): error TS2305: Module '"@/assets/data/footer-items"' has no exported member 'translationLanguages'.
src/components/footer/components/LanguageDropdown.tsx(18,36): error TS7006: Parameter 'lang' implicitly has an 'any' type.
src/components/footer/components/LanguageDropdown.tsx(18,42): error TS7006: Parameter 'idx' implicitly has an 'any' type.
src/components/footer/Footer2.tsx(1,10): error TS2305: Module '"@/assets/data/footer-items"' has no exported member 'communityLinks'.
src/components/footer/Footer2.tsx(43,40): error TS7006: Parameter 'item' implicitly has an 'any' type.
src/components/footer/Footer2.tsx(43,46): error TS7006: Parameter 'idx' implicitly has an 'any' type.
src/components/footer/Footer3.tsx(4,10): error TS2305: Module '"@/assets/data/footer-items"' has no exported member 'communityLinks'.
src/components/footer/Footer3.tsx(4,26): error TS2305: Module '"@/assets/data/footer-items"' has no exported member 'communityLinks2'.
src/components/footer/Footer3.tsx(4,60): error TS2724: '"@/assets/data/footer-items"' has no exported member named 'quickLinks2'. Did you mean 'quickLinks'?
src/components/footer/Footer3.tsx(4,73): error TS2724: '"@/assets/data/footer-items"' has no exported member named 'quickLinks4'. Did you mean 'quickLinks'?
src/components/footer/Footer3.tsx(23,37): error TS7006: Parameter 'item' implicitly has an 'any' type.
src/components/footer/Footer3.tsx(23,43): error TS7006: Parameter 'idx' implicitly has an 'any' type.
src/components/footer/Footer3.tsx(36,37): error TS7006: Parameter 'item' implicitly has an 'any' type.
src/components/footer/Footer3.tsx(36,43): error TS7006: Parameter 'idx' implicitly has an 'any' type.
src/components/footer/Footer3.tsx(52,36): error TS7006: Parameter 'item' implicitly has an 'any' type.
src/components/footer/Footer3.tsx(52,42): error TS7006: Parameter 'idx' implicitly has an 'any' type.
src/components/footer/Footer3.tsx(69,35): error TS7006: Parameter 'item' implicitly has an 'any' type.
src/components/footer/Footer3.tsx(69,41): error TS7006: Parameter 'idx' implicitly has an 'any' type.
src/components/footer/Footer4.tsx(4,10): error TS2305: Module '"@/assets/data/footer-items"' has no exported member 'communityLinks'.
src/components/footer/Footer4.tsx(47,40): error TS7006: Parameter 'item' implicitly has an 'any' type.
src/components/footer/Footer4.tsx(47,46): error TS7006: Parameter 'idx' implicitly has an 'any' type.
src/components/footer/Footer8.tsx(5,10): error TS2305: Module '"@/assets/data/footer-items"' has no exported member 'communityLinks'.
src/components/footer/Footer8.tsx(37,40): error TS7006: Parameter 'item' implicitly has an 'any' type.
src/components/footer/Footer8.tsx(37,46): error TS7006: Parameter 'idx' implicitly has an 'any' type.
src/components/topbar/AppMenu/MegaMenuDropdown.tsx(1,10): error TS2724: '"@/assets/data/menu-items"' has no exported member named 'MEGA_MENU_ITEMS'. Did you mean 'APP_MENU_ITEMS'?
src/components/topbar/AppMenu/MegaMenuDropdown.tsx(29,49): error TS7006: Parameter 'item' implicitly has an 'any' type.
src/components/topbar/AppMenu/MegaMenuDropdown.tsx(29,55): error TS7006: Parameter 'idx' implicitly has an 'any' type.
src/components/topbar/AppMenu/MegaMenuDropdown.tsx(42,43): error TS7006: Parameter 'item' implicitly has an 'any' type.
src/components/topbar/AppMenu/MegaMenuDropdown.tsx(42,49): error TS7006: Parameter 'idx' implicitly has an 'any' type.
src/components/topbar/AppMenu/MegaMenuDropdown.tsx(78,51): error TS7006: Parameter 'item' implicitly has an 'any' type.
src/components/topbar/AppMenu/MegaMenuDropdown.tsx(78,57): error TS7006: Parameter 'idx' implicitly has an 'any' type.
src/components/topbar/AppMenu/MegaMenuDropdown.tsx(99,47): error TS7006: Parameter 'item' implicitly has an 'any' type.
src/components/topbar/AppMenu/MegaMenuDropdown.tsx(99,53): error TS7006: Parameter 'idx' implicitly has an 'any' type.
src/components/topbar/AppMenu/ResourcesMenuDropdown.tsx(1,10): error TS2305: Module '"@/assets/data/menu-items"' has no exported member 'RESOURCES_MENU_ITEMS'.
src/components/topbar/AppMenu/ResourcesMenuDropdown.tsx(32,35): error TS7006: Parameter 'item' implicitly has an 'any' type.
src/components/topbar/AppMenu/ResourcesMenuDropdown.tsx(32,41): error TS7006: Parameter 'idx' implicitly has an 'any' type.
src/components/topbar/AppMenu/ResourcesMenuDropdown.tsx(51,31): error TS7006: Parameter 'item' implicitly has an 'any' type.
src/components/topbar/AppMenu/ResourcesMenuDropdown.tsx(51,37): error TS7006: Parameter 'idx' implicitly has an 'any' type.
src/components/topbar/TopNavigationBar.tsx(1,10): error TS6133: 'lazy' is declared but its value is never read.
src/layouts/BlogLayout/index.tsx(12,27): error TS2322: Type '{ menuProps: { showContactUs: boolean; showDocs: boolean; ulClassName: string; }; showSignUp: true; showBuyNow: true; }' is not assignable to type 'IntrinsicAttributes & TopNavigationBarProps'.
  Property 'menuProps' does not exist on type 'IntrinsicAttributes & TopNavigationBarProps'.
src/layouts/ShopLayout/index.tsx(13,27): error TS2322: Type '{ showSearchInput: true; showShoppingCart: true; menuProps: { showContactUs: boolean; ulClassName: string; }; }' is not assignable to type 'IntrinsicAttributes & TopNavigationBarProps'.
  Property 'showSearchInput' does not exist on type 'IntrinsicAttributes & TopNavigationBarProps'.
src/pages/demos/MobileApp/components/Hero.tsx(11,1): error TS6133: 'partners' is declared but its value is never read.
src/pages/demos/MobileApp/data.ts(7,1): error TS6133: 'avatar7' is declared but its value is never read.
src/pages/other-pages/FAQs/index.tsx(14,9): error TS2322: Type '{ menuProps: { showContactUs: boolean; showDocs: boolean; ulClassName: string; }; showSignUp: true; showBuyNow: true; }' is not assignable to type 'IntrinsicAttributes & TopNavigationBarProps'.
  Property 'menuProps' does not exist on type 'IntrinsicAttributes & TopNavigationBarProps'.
src/pages/other-pages/NotFound/index.tsx(13,9): error TS2322: Type '{ menuProps: { showContactUs: boolean; showDocs: boolean; ulClassName: string; }; showSignUp: true; showBuyNow: true; }' is not assignable to type 'IntrinsicAttributes & TopNavigationBarProps'.
  Property 'menuProps' does not exist on type 'IntrinsicAttributes & TopNavigationBarProps'.
src/pages/other-pages/Pricing/components/CTA.tsx(3,23): error TS2307: Cannot find module '@/pages/saas/V4/data' or its corresponding type declarations.
src/pages/other-pages/Pricing/components/CTA.tsx(70,50): error TS7006: Parameter 'client' implicitly has an 'any' type.
src/pages/other-pages/Pricing/components/CTA.tsx(70,58): error TS7006: Parameter 'idx' implicitly has an 'any' type.
src/pages/other-pages/Pricing/index.tsx(15,9): error TS2322: Type '{ menuProps: { showContactUs: boolean; showDocs: boolean; ulClassName: string; }; showSignUp: true; showBuyNow: true; "data-bs-theme": string; }' is not assignable to type 'IntrinsicAttributes & TopNavigationBarProps'.
  Property 'menuProps' does not exist on type 'IntrinsicAttributes & TopNavigationBarProps'.
src/pages/other-pages/Team/index.tsx(14,9): error TS2322: Type '{ menuProps: { showContactUs: boolean; showDocs: boolean; ulClassName: string; }; showSignUp: true; showBuyNow: true; }' is not assignable to type 'IntrinsicAttributes & TopNavigationBarProps'.
  Property 'menuProps' does not exist on type 'IntrinsicAttributes & TopNavigationBarProps'.
src/pages/other-pages/TermsNConditions/index.tsx(13,9): error TS2322: Type '{ menuProps: { showContactUs: boolean; showDocs: boolean; ulClassName: string; }; showSignUp: true; showBuyNow: true; }' is not assignable to type 'IntrinsicAttributes & TopNavigationBarProps'.
  Property 'menuProps' does not exist on type 'IntrinsicAttributes & TopNavigationBarProps'.
